// Jest Snapshot v1, https://goo.gl/fbAQLP

exports[`Card component should render successfully 1`] = `
<div
  className="MuiPaper-root MuiCard-root MuiPaper-elevation1 MuiPaper-rounded"
/>
`;
